
MODEL :  MYPROG
SEED  :  0
HOST  :  login000
X = : [0.01050035]
START TIME   :  2019-03-01 20:20:43.043052
END TIME     :  2019-03-01 20:20:46.829895
ELAPSED TIME :  0:00:03.786843

MODEL :  MYPROG
SEED  :  1
HOST  :  login000
X = : [1.70132381]
START TIME   :  2019-03-01 20:20:43.025140
END TIME     :  2019-03-01 20:20:47.051454
ELAPSED TIME :  0:00:04.026314

MODEL :  MYPROG
SEED  :  2
HOST  :  login000
X = : [0.58876373]
START TIME   :  2019-03-01 20:20:43.069845
END TIME     :  2019-03-01 20:20:46.948540
ELAPSED TIME :  0:00:03.878695

MODEL :  MYPROG
SEED  :  3
HOST  :  login000
X = : [0.0586003]
START TIME   :  2019-03-01 20:20:43.069362
END TIME     :  2019-03-01 20:20:46.826061
ELAPSED TIME :  0:00:03.756699
