
MODEL :  MYPROG
SEED  :  0
HOST  :  login000
X = : [0.01050035]
START TIME   :  2019-03-01 20:20:43.047618
END TIME     :  2019-03-01 20:20:46.836903
ELAPSED TIME :  0:00:03.789285

MODEL :  MYPROG
SEED  :  1
HOST  :  login000
X = : [1.70132381]
START TIME   :  2019-03-01 20:20:43.074051
END TIME     :  2019-03-01 20:20:47.053048
ELAPSED TIME :  0:00:03.978997

MODEL :  MYPROG
SEED  :  2
HOST  :  login000
X = : [0.58876373]
START TIME   :  2019-03-01 20:20:43.067942
END TIME     :  2019-03-01 20:20:46.993185
ELAPSED TIME :  0:00:03.925243

MODEL :  MYPROG
SEED  :  3
HOST  :  login000
X = : [0.0586003]
START TIME   :  2019-03-01 20:20:43.023224
END TIME     :  2019-03-01 20:20:46.915449
ELAPSED TIME :  0:00:03.892225
