
MODEL :  MYPROG
SEED  :  0
HOST  :  login000
X = : [0.01050035]
START TIME   :  2019-03-01 20:20:43.047656
END TIME     :  2019-03-01 20:20:46.872643
ELAPSED TIME :  0:00:03.824987

MODEL :  MYPROG
SEED  :  1
HOST  :  login000
X = : [1.70132381]
START TIME   :  2019-03-01 20:20:43.100682
END TIME     :  2019-03-01 20:20:46.929760
ELAPSED TIME :  0:00:03.829078

MODEL :  MYPROG
SEED  :  2
HOST  :  login000
X = : [0.58876373]
START TIME   :  2019-03-01 20:20:43.085254
END TIME     :  2019-03-01 20:20:46.930529
ELAPSED TIME :  0:00:03.845275

MODEL :  MYPROG
SEED  :  3
HOST  :  login000
X = : [0.0586003]
START TIME   :  2019-03-01 20:20:43.067829
END TIME     :  2019-03-01 20:20:47.036252
ELAPSED TIME :  0:00:03.968423
