
MODEL :  MYPROG
SEED  :  0
HOST  :  login000
X = : [0.01050035]
START TIME   :  2019-03-01 20:13:22.299328
END TIME     :  2019-03-01 20:13:26.598934
ELAPSED TIME :  0:00:04.299606

MODEL :  MYPROG
SEED  :  1
HOST  :  login000
X = : [1.70132381]
START TIME   :  2019-03-01 20:13:22.299331
END TIME     :  2019-03-01 20:13:26.002954
ELAPSED TIME :  0:00:03.703623

MODEL :  MYPROG
SEED  :  2
HOST  :  login000
X = : [0.58876373]
START TIME   :  2019-03-01 20:13:22.299403
END TIME     :  2019-03-01 20:13:25.957868
ELAPSED TIME :  0:00:03.658465

MODEL :  MYPROG
SEED  :  3
HOST  :  login000
X = : [0.0586003]
START TIME   :  2019-03-01 20:13:22.299438
END TIME     :  2019-03-01 20:13:25.923194
ELAPSED TIME :  0:00:03.623756
